<html>
<body>
<pre>
<h1>µVision Build Log</h1>
<h2>Project:</h2>
E:\Micro_A748_V3\Programs_Keil\uCOS-II\Multitasking2\Multitasking2.uvproj
Project File Date:  05/02/2015

<h2>Output:</h2>
Build target 'Target 1'
compiling bsp.c...
uCOS-II\bsp.c(460): warning:  #177-D: function "BSP_IO_Init" was declared but never referenced
assembling cpu_a.s...
compiling lib_mem.c...
compiling lib_str.c...
compiling os_core.c...
assembling os_cpu_a.asm...
uCOS-II\os_cpu_a.asm(159): warning: A1876W: Use of '|' as a synonym for the :OR: operator is deprecated.
compiling os_cpu_c.c...
uCOS-II\os_cpu_c.c(62): warning:  #550-D: variable "OSTmrCtr" was set but never used
compiling os_dbg.c...
compiling os_flag.c...
compiling os_mbox.c...
compiling os_mem.c...
compiling os_mutex.c...
compiling os_q.c...
compiling os_sem.c...
compiling os_task.c...
compiling os_time.c...
compiling os_tmr.c...
compiling adc.c...
compiling app.c...
assembling init.s...
compiling kbd.c...
compiling lcd.c...
compiling LED.c...
assembling Startup.s...
compiling UART.c...
assembling vectors.s...
linking...
Multitasking2.axf: Warning: L6305W: Image does not have an entry point. (Not specified or not set due to multiple choices.)
Program Size: Code=26680 RO-data=400 RW-data=204 ZI-data=12912  
FromELF: creating hex file...
"Multitasking2.axf" - 0 Error(s), 4 Warning(s).
